[www.classcentral.com/help/moocs.html]
[backblue.gif]
[fade.gif]
[index.html]
[www.classcentral.com/help/section/account.html]
[www.classcentral.com/help/account-what-class-central.html]
[www.classcentral.com/help/account-public-or-private.html]
[www.classcentral.com/help/how-add-to-list.html]
[www.classcentral.com/help/account-reset-password.html]
[www.classcentral.com/help/account-how-unsubscribe-emails.html]
[www.classcentral.com/help/section/faq.html]
[www.classcentral.com/help/faq-who-can-sign-up.html]
[www.classcentral.com/help/faq-what-courses-offered.html]
[www.classcentral.com/help/moocs-academic-credit.html]
[www.classcentral.com/help/moocs-financial-aid.html]
[www.classcentral.com/help/faq-class-central-role.html]
[www.classcentral.com/help/what-is-coursera.html]
[www.classcentral.com/help/how-sign-up-coursera.html]
[www.classcentral.com/help/best-coursera-courses.html]
[www.classcentral.com/help/how-much-coursera-cost.html]
[www.classcentral.com/help/how-get-coursera-certificate-free.html]
[www.classcentral.com/help/how-edx-courses-work.html]
[www.classcentral.com/help/edx-mobile-app.html]
[www.classcentral.com/help/best-edx-courses.html]
[www.classcentral.com/help/edx-micromasters.html]
[www.classcentral.com/help/edx-professional-certificate-programs.html]
[www.classcentral.com/help/how-does-udacity-work.html]
[www.classcentral.com/help/sign-up-udacity.html]
[www.classcentral.com/help/best-udacity-courses.html]
[www.classcentral.com/help/how-get-refund-udacity.html]
[www.classcentral.com/help/section/futurelearn.html]
[www.classcentral.com/help/how-sign-up-futurelearn.html]
[www.classcentral.com/help/degree-futurelearn.html]
[www.classcentral.com/help/what-are-futureLearn-programs.html]
[www.classcentral.com/help/moocs.html]
[www.classcentral.com/help/section/account.html]
[www.classcentral.com/help/account-what-class-central.html]
[www.classcentral.com/help/account-why-join-class-central.html]
[www.classcentral.com/help/account-getting-started.html]
[www.classcentral.com/help/account-make-most-of-profile.html]
[www.classcentral.com/help/class-central-mobile-app.html]
[www.classcentral.com/help/account-public-or-private.html]
[www.classcentral.com/help/how-progress-dropdown-work.html]
[www.classcentral.com/help/how-bookmark-work.html]
[www.classcentral.com/help/how-add-to-list.html]
[www.classcentral.com/help/account-how-follow-button-work.html]
[www.classcentral.com/help/account-how-review-course.html]
[www.classcentral.com/help/account-change-password.html]
[www.classcentral.com/help/account-reset-password.html]
[www.classcentral.com/help/account-change-email.html]
[www.classcentral.com/help/account-no-emails.html]
[www.classcentral.com/help/account-how-unsubscribe-emails.html]
[www.classcentral.com/help/account-delete-account.html]
[www.classcentral.com/help/account-problems-accessing-courses.html]
[www.classcentral.com/help/section/faq.html]
[www.classcentral.com/help/faq-what-are-moocs.html]
[www.classcentral.com/help/faq-how-moocs-work.html]
[www.classcentral.com/help/moocs-cost.html]
[www.classcentral.com/help/faq-who-can-sign-up.html]
[www.classcentral.com/help/faq-how-enroll.html]
[www.classcentral.com/help/go-to-class-button-does-not-work.html]
[www.classcentral.com/help/faq-what-courses-offered.html]
[www.classcentral.com/help/faq-how-access-course.html]
[www.classcentral.com/help/mooc-based-degree.html]
[www.classcentral.com/help/moocs-academic-credit.html]
[www.classcentral.com/help/faq-certificate.html]
[www.classcentral.com/help/faq-when-how-receive-certificate.html]
[www.classcentral.com/help/can-moocs-get-job.html]
[www.classcentral.com/help/moocs-financial-aid.html]
[www.classcentral.com/help/how-get-refund-for-course.html]
[www.classcentral.com/help/course-not-currently-running.html]
[www.classcentral.com/help/faq-class-central-role.html]
[www.classcentral.com/help/highest-rated-online-courses.html]
[www.classcentral.com/help/section/coursera.html]
[www.classcentral.com/help/what-is-coursera.html]
[www.classcentral.com/help/how-does-coursera-work.html]
[www.classcentral.com/help/coursera-subscriptions.html]
[www.classcentral.com/help/degree-coursera.html]
[www.classcentral.com/help/how-sign-up-coursera.html]
[www.classcentral.com/help/coursera-mobile-app.html]
[www.classcentral.com/help/websites-similar-Coursera.html]
[www.classcentral.com/help/best-coursera-courses.html]
[www.classcentral.com/help/are-coursera-courses-free.html]
[www.classcentral.com/help/how-earn-certificate-coursera.html]
[www.classcentral.com/help/how-much-coursera-cost.html]
[www.classcentral.com/help/what-are-coursera-specializations.html]
[www.classcentral.com/help/how-get-refund-coursera.html]
[www.classcentral.com/help/coursera-financial-aid.html]
[www.classcentral.com/help/how-get-coursera-certificate-free.html]
[www.classcentral.com/help/section/edx.html]
[www.classcentral.com/help/what-is-edx.html]
[www.classcentral.com/help/how-edx-courses-work.html]
[www.classcentral.com/help/sign-up-edx.html]
[www.classcentral.com/help/edx-archived-courses.html]
[www.classcentral.com/help/edx-mobile-app.html]
[www.classcentral.com/help/websites-similar-edx.html]
[www.classcentral.com/help/edx-certificate.html]
[www.classcentral.com/help/degree-edx.html]
[www.classcentral.com/help/best-edx-courses.html]
[www.classcentral.com/help/how-much-edx-courses-cost.html]
[www.classcentral.com/help/how-get-refund-edx.html]
[www.classcentral.com/help/edx-micromasters.html]
[www.classcentral.com/help/edx-xseries.html]
[www.classcentral.com/help/edx-professional-education.html]
[www.classcentral.com/help/edx-professional-certificate-programs.html]
[www.classcentral.com/help/how-get-edx-certificate-free.html]
[www.classcentral.com/help/section/udacity.html]
[www.classcentral.com/help/what-is-udacity.html]
[www.classcentral.com/help/how-does-udacity-work.html]
[www.classcentral.com/help/how-does-udacity-subscription-work.html]
[www.classcentral.com/help/what-are-udacity-nanodegrees.html]
[www.classcentral.com/help/sign-up-udacity.html]
[www.classcentral.com/help/websites-similar-udacity.html]
[www.classcentral.com/help/degree-udacity.html]
[www.classcentral.com/help/best-udacity-courses.html]
[www.classcentral.com/help/are-udacity-courses-free.html]
[www.classcentral.com/help/how-much-does-udacity-cost.html]
[www.classcentral.com/help/udacity-mobile-app.html]
[www.classcentral.com/help/how-get-refund-udacity.html]
[www.classcentral.com/help/udacity-scholarships.html]
[www.classcentral.com/help/how-get-free-udacity-certificate.html]
[www.classcentral.com/help/section/futurelearn.html]
[www.classcentral.com/help/what-is-futurelearn.html]
[www.classcentral.com/help/how-futurelearn-courses-work.html]
[www.classcentral.com/help/how-sign-up-futurelearn.html]
[www.classcentral.com/help/futurelearn-mobile-app.html]
[www.classcentral.com/help/websites-similar-futurelearn.html]
[www.classcentral.com/help/how-earn-futurelearn-certificate.html]
[www.classcentral.com/help/degree-futurelearn.html]
[www.classcentral.com/help/best-futurelearn-courses.html]
[www.classcentral.com/help/how-much-futurelearn-cost.html]
[www.classcentral.com/help/what-are-futureLearn-programs.html]
[www.classcentral.com/help/how-get-refund-futurelearn.html]
[www.classcentral.com/help/how-get-futurelearn-certificate-free.html]
[www.classcentral.com/help/section/miscellaneous.html]
[www.classcentral.com/help/world-of-moocs.html]
[www.classcentral.com/help/section/miscellaneous.html]
[www.classcentral.com/help/index.html]
[www.classcentral.com/help/s/index.html]
[www.classcentral.com/help/section/s/index.html]
[www.classcentral.com/help/world-of-moocs.html]
[www.classcentral.com/help/instructor-corner.html]
[www.classcentral.com/help/intro-to-online-learning.html]
